../Core/Src/main.c:92:5:main	8	static
../Core/Src/main.c:209:6:SystemClock_Config	88	static
../Core/Src/main.c:257:13:MX_ADC1_Init	24	static
../Core/Src/main.c:309:13:MX_I2C1_Init	8	static
../Core/Src/main.c:343:13:MX_RTC_Init	72	static
../Core/Src/main.c:435:13:MX_TIM2_Init	32	static
../Core/Src/main.c:480:13:MX_TIM4_Init	32	static
../Core/Src/main.c:525:13:MX_USART1_UART_Init	8	static
../Core/Src/main.c:558:13:MX_USART2_UART_Init	8	static
../Core/Src/main.c:589:13:MX_DMA_Init	16	static
../Core/Src/main.c:614:13:MX_GPIO_Init	40	static
../Core/Src/main.c:667:6:HAL_UART_TxCpltCallback	16	static
../Core/Src/main.c:675:6:HAL_UART_ErrorCallback	16	static,ignoring_inline_asm
../Core/Src/main.c:689:6:HAL_UARTEx_RxEventCallback	32	static
../Core/Src/main.c:704:6:HAL_I2C_ErrorCallback	16	static,ignoring_inline_asm
../Core/Src/main.c:714:6:Error_Handler	4	static,ignoring_inline_asm
